com/group16b/DomainLayer/ProductionCompanyPolicy/ClosedCompany.class
com/group16b/DomainLayer/Order/CompletedOrder.class
com/group16b/DomainLayer/ProductionCompanyPolicy/IProductionCompanyPolicyRepository.class
com/group16b/DomainLayer/Venue/Seat.class
com/group16b/ApplicationLayer/DTOs/SegmentDTO.class
com/group16b/ApplicationLayer/DTOs/EventScheduleDTO.class
com/group16b/DomainLayer/Order/Order.class
com/group16b/ApplicationLayer/PurchasePolicyService.class
com/group16b/ApplicationLayer/Records/ChosenSeatingSegRecord.class
com/group16b/DomainLayer/Policies/PurchasePolicy/AgePolicy.class
com/group16b/DomainLayer/SystemAdmin/ISystemAdminRepository.class
com/group16b/DomainLayer/Policies/DiscountPolicy.class
com/group16b/ApplicationLayer/Interfaces/IPaymentGateway.class
com/group16b/InfrastructureLayer/TicketGateway.class
com/group16b/DomainLayer/Venue/ReservationRequest.class
com/group16b/InfrastructureLayer/MapDBs/EventRepositoryMapImpl.class
com/group16b/ApplicationLayer/OrderService.class
com/group16b/DomainLayer/Event/Event.class
com/group16b/DomainLayer/User/SessionToken.class
com/group16b/DomainLayer/Policies/EarlyBirdDiscount.class
com/group16b/DomainLayer/VirtualQueue/VirtualQueue.class
com/group16b/ApplicationLayer/DTOs/TicketDTO.class
com/group16b/DomainLayer/ProductionCompanyPolicy/CompanyState.class
com/group16b/InfrastructureLayer/MapDBs/VirtualQueueRepositoryMapImpl.class
com/group16b/ApplicationLayer/SystemAdminLoginService.class
com/group16b/ApplicationLayer/DTOs/HierarchyNodeDTO.class
com/group16b/DomainLayer/Policies/PurchasePolicy/DefaultPurchasePolicy.class
com/group16b/InfrastructureLayer/MapDBs/VenueRepositoryMapImpl.class
com/group16b/ApplicationLayer/DTOs/ChosenSeatingSegDTO.class
com/group16b/DomainLayer/Venue/EventSchedule.class
com/group16b/InfrastructureLayer/PaymentService.class
com/group16b/DomainLayer/ProductionCompany/IProductionCompanyRepository.class
com/group16b/ApplicationLayer/Interfaces/IAuthenticationService.class
com/group16b/DomainLayer/ProductionCompany/membership/MembershipNode.class
com/group16b/DomainLayer/ProductionCompanyPolicy/OpenCompany.class
com/group16b/ApplicationLayer/Records/SeatRecord.class
com/group16b/ApplicationLayer/ProductionCompanyService.class
com/group16b/DomainLayer/ProductionCompany/membership/HierarchyNodeData.class
com/group16b/DomainLayer/ProductionCompanyPolicy/ProductionCompanyPolicy.class
com/group16b/DomainLayer/Venue/ChosenSeatingSeg.class
com/group16b/ApplicationLayer/DTOs/VenueDTO.class
com/group16b/DomainLayer/User/User.class
com/group16b/DomainLayer/ProductionCompany/ProductionCompany$InviteKey.class
com/group16b/ApplicationLayer/UserService.class
com/group16b/DomainLayer/DomainServices/EventFilteringService.class
com/group16b/DomainLayer/Policies/CouponCodeDiscount.class
com/group16b/ApplicationLayer/CompanyHierarchyService.class
com/group16b/ApplicationLayer/DTOs/OrderDTO.class
com/group16b/DomainLayer/Venue/Location.class
com/group16b/DomainLayer/Policies/PurchasePolicy/MaxTicketsPolicy.class
com/group16b/DomainLayer/Venue/Segment.class
com/group16b/InfrastructureLayer/MapDBs/UserRepositoryMapImpl.class
com/group16b/ApplicationLayer/ReserveService.class
com/group16b/ApplicationLayer/UserLoginService.class
com/group16b/ApplicationLayer/Records/FieldSegRecord.class
com/group16b/ApplicationLayer/Records/PaymentInfo.class
com/group16b/ApplicationLayer/DTOs/EventDTO.class
com/group16b/ApplicationLayer/Interfaces/ILocationService.class
com/group16b/ApplicationLayer/Exceptions/AuthException.class
com/group16b/InfrastructureLayer/MapDBs/SystemAdminRepositoryMapImpl.class
com/group16b/ApplicationLayer/Exceptions/PaymentFailedException.class
com/group16b/ApplicationLayer/Interfaces/ITicketGateway.class
com/group16b/InfrastructureLayer/MapDBs/ProductionCompanyRepositoryMapImpl.class
com/group16b/DomainLayer/Venue/Venue.class
com/group16b/DomainLayer/Policies/PurchasePolicy/MinTicketsPolicy.class
com/group16b/ApplicationLayer/DTOs/SeatDTO.class
com/group16b/DomainLayer/Venue/FieldSeg.class
com/group16b/ApplicationLayer/VenueEventConfigService.class
com/group16b/DomainLayer/Order/ActiveOrder.class
com/group16b/ApplicationLayer/StartupService.class
com/group16b/ApplicationLayer/AdminManagementService.class
com/group16b/DomainLayer/ProductionCompany/membership/ManagerPermissions.class
com/group16b/ApplicationLayer/DTOs/PurchasePolicyDTO.class
com/group16b/DomainLayer/Order/OrderType.class
com/group16b/ApplicationLayer/DTOs/DiscountPolicyDTO.class
com/group16b/ApplicationLayer/Records/EventRecord.class
com/group16b/DomainLayer/Event/IEventRepository.class
com/group16b/DomainLayer/Policies/PurchasePolicy/OrPolicy.class
com/group16b/DomainLayer/DomainServices/AdminManagementDomainService.class
com/group16b/DomainLayer/Interfaces/IRepository.class
com/group16b/InfrastructureLayer/AuthenticationServiceJWTImpl.class
com/group16b/DomainLayer/Policies/PurchasePolicy/PurchasePolicy.class
com/group16b/ApplicationLayer/DTOs/LocationDTO.class
com/group16b/DomainLayer/Venue/IVenueRepository.class
com/group16b/DomainLayer/Order/IOrderRepository.class
com/group16b/DomainLayer/Policies/PurchasePolicy/LotteryPolicy.class
com/group16b/DomainLayer/ProductionCompany/membership/RoleType.class
com/group16b/ApplicationLayer/Objects/Result.class
com/group16b/DomainLayer/Policies/BuyXGetYDiscount.class
com/group16b/InfrastructureLayer/LocationServicePhotonImpl.class
com/group16b/InfrastructureLayer/MapDBs/OrderRepositoryMapImpl.class
com/group16b/DomainLayer/Policies/PurchasePolicy/AndPolicy.class
com/group16b/DomainLayer/SystemAdmin/SystemAdmin.class
com/group16b/ApplicationLayer/DTOs/FieldSegDTO.class
com/group16b/ApplicationLayer/DTOs/UserDTO.class
com/group16b/ApplicationLayer/Records/VenueRecord.class
com/group16b/ApplicationLayer/EventService.class
com/group16b/DomainLayer/ProductionCompany/ProductionCompany.class
com/group16b/DomainLayer/Order/OrderState.class
