/Users/ofer/Documents/Homeworks/Semester F/Prog/SoftwareEngineeringGroup16B/src/main/java/com/group16b/ApplicationLayer/AdminManagementService.java
/Users/ofer/Documents/Homeworks/Semester F/Prog/SoftwareEngineeringGroup16B/src/main/java/com/group16b/ApplicationLayer/CompanyHierarchyService.java
/Users/ofer/Documents/Homeworks/Semester F/Prog/SoftwareEngineeringGroup16B/src/main/java/com/group16b/ApplicationLayer/DTOs/ChosenSeatingSegDTO.java
/Users/ofer/Documents/Homeworks/Semester F/Prog/SoftwareEngineeringGroup16B/src/main/java/com/group16b/ApplicationLayer/DTOs/DiscountPolicyDTO.java
/Users/ofer/Documents/Homeworks/Semester F/Prog/SoftwareEngineeringGroup16B/src/main/java/com/group16b/ApplicationLayer/DTOs/EventDTO.java
/Users/ofer/Documents/Homeworks/Semester F/Prog/SoftwareEngineeringGroup16B/src/main/java/com/group16b/ApplicationLayer/DTOs/EventScheduleDTO.java
/Users/ofer/Documents/Homeworks/Semester F/Prog/SoftwareEngineeringGroup16B/src/main/java/com/group16b/ApplicationLayer/DTOs/FieldSegDTO.java
/Users/ofer/Documents/Homeworks/Semester F/Prog/SoftwareEngineeringGroup16B/src/main/java/com/group16b/ApplicationLayer/DTOs/HierarchyNodeDTO.java
/Users/ofer/Documents/Homeworks/Semester F/Prog/SoftwareEngineeringGroup16B/src/main/java/com/group16b/ApplicationLayer/DTOs/LocationDTO.java
/Users/ofer/Documents/Homeworks/Semester F/Prog/SoftwareEngineeringGroup16B/src/main/java/com/group16b/ApplicationLayer/DTOs/OrderDTO.java
/Users/ofer/Documents/Homeworks/Semester F/Prog/SoftwareEngineeringGroup16B/src/main/java/com/group16b/ApplicationLayer/DTOs/PurchasePolicyDTO.java
/Users/ofer/Documents/Homeworks/Semester F/Prog/SoftwareEngineeringGroup16B/src/main/java/com/group16b/ApplicationLayer/DTOs/SeatDTO.java
/Users/ofer/Documents/Homeworks/Semester F/Prog/SoftwareEngineeringGroup16B/src/main/java/com/group16b/ApplicationLayer/DTOs/SegmentDTO.java
/Users/ofer/Documents/Homeworks/Semester F/Prog/SoftwareEngineeringGroup16B/src/main/java/com/group16b/ApplicationLayer/DTOs/TicketDTO.java
/Users/ofer/Documents/Homeworks/Semester F/Prog/SoftwareEngineeringGroup16B/src/main/java/com/group16b/ApplicationLayer/DTOs/UserDTO.java
/Users/ofer/Documents/Homeworks/Semester F/Prog/SoftwareEngineeringGroup16B/src/main/java/com/group16b/ApplicationLayer/DTOs/VenueDTO.java
/Users/ofer/Documents/Homeworks/Semester F/Prog/SoftwareEngineeringGroup16B/src/main/java/com/group16b/ApplicationLayer/EventService.java
/Users/ofer/Documents/Homeworks/Semester F/Prog/SoftwareEngineeringGroup16B/src/main/java/com/group16b/ApplicationLayer/Exceptions/AuthException.java
/Users/ofer/Documents/Homeworks/Semester F/Prog/SoftwareEngineeringGroup16B/src/main/java/com/group16b/ApplicationLayer/Exceptions/PaymentFailedException.java
/Users/ofer/Documents/Homeworks/Semester F/Prog/SoftwareEngineeringGroup16B/src/main/java/com/group16b/ApplicationLayer/Interfaces/IAuthenticationService.java
/Users/ofer/Documents/Homeworks/Semester F/Prog/SoftwareEngineeringGroup16B/src/main/java/com/group16b/ApplicationLayer/Interfaces/ILocationService.java
/Users/ofer/Documents/Homeworks/Semester F/Prog/SoftwareEngineeringGroup16B/src/main/java/com/group16b/ApplicationLayer/Interfaces/IPaymentGateway.java
/Users/ofer/Documents/Homeworks/Semester F/Prog/SoftwareEngineeringGroup16B/src/main/java/com/group16b/ApplicationLayer/Interfaces/ITicketGateway.java
/Users/ofer/Documents/Homeworks/Semester F/Prog/SoftwareEngineeringGroup16B/src/main/java/com/group16b/ApplicationLayer/Objects/Result.java
/Users/ofer/Documents/Homeworks/Semester F/Prog/SoftwareEngineeringGroup16B/src/main/java/com/group16b/ApplicationLayer/OrderService.java
/Users/ofer/Documents/Homeworks/Semester F/Prog/SoftwareEngineeringGroup16B/src/main/java/com/group16b/ApplicationLayer/ProductionCompanyService.java
/Users/ofer/Documents/Homeworks/Semester F/Prog/SoftwareEngineeringGroup16B/src/main/java/com/group16b/ApplicationLayer/PurchasePolicyService.java
/Users/ofer/Documents/Homeworks/Semester F/Prog/SoftwareEngineeringGroup16B/src/main/java/com/group16b/ApplicationLayer/Records/ChosenSeatingSegRecord.java
/Users/ofer/Documents/Homeworks/Semester F/Prog/SoftwareEngineeringGroup16B/src/main/java/com/group16b/ApplicationLayer/Records/EventRecord.java
/Users/ofer/Documents/Homeworks/Semester F/Prog/SoftwareEngineeringGroup16B/src/main/java/com/group16b/ApplicationLayer/Records/FieldSegRecord.java
/Users/ofer/Documents/Homeworks/Semester F/Prog/SoftwareEngineeringGroup16B/src/main/java/com/group16b/ApplicationLayer/Records/PaymentInfo.java
/Users/ofer/Documents/Homeworks/Semester F/Prog/SoftwareEngineeringGroup16B/src/main/java/com/group16b/ApplicationLayer/Records/SeatRecord.java
/Users/ofer/Documents/Homeworks/Semester F/Prog/SoftwareEngineeringGroup16B/src/main/java/com/group16b/ApplicationLayer/Records/VenueRecord.java
/Users/ofer/Documents/Homeworks/Semester F/Prog/SoftwareEngineeringGroup16B/src/main/java/com/group16b/ApplicationLayer/ReserveService.java
/Users/ofer/Documents/Homeworks/Semester F/Prog/SoftwareEngineeringGroup16B/src/main/java/com/group16b/ApplicationLayer/StartupService.java
/Users/ofer/Documents/Homeworks/Semester F/Prog/SoftwareEngineeringGroup16B/src/main/java/com/group16b/ApplicationLayer/SystemAdminLoginService.java
/Users/ofer/Documents/Homeworks/Semester F/Prog/SoftwareEngineeringGroup16B/src/main/java/com/group16b/ApplicationLayer/UserLoginService.java
/Users/ofer/Documents/Homeworks/Semester F/Prog/SoftwareEngineeringGroup16B/src/main/java/com/group16b/ApplicationLayer/UserService.java
/Users/ofer/Documents/Homeworks/Semester F/Prog/SoftwareEngineeringGroup16B/src/main/java/com/group16b/ApplicationLayer/VenueEventConfigService.java
/Users/ofer/Documents/Homeworks/Semester F/Prog/SoftwareEngineeringGroup16B/src/main/java/com/group16b/DomainLayer/DomainServices/AdminManagementDomainService.java
/Users/ofer/Documents/Homeworks/Semester F/Prog/SoftwareEngineeringGroup16B/src/main/java/com/group16b/DomainLayer/DomainServices/EventFilteringService.java
/Users/ofer/Documents/Homeworks/Semester F/Prog/SoftwareEngineeringGroup16B/src/main/java/com/group16b/DomainLayer/Event/Event.java
/Users/ofer/Documents/Homeworks/Semester F/Prog/SoftwareEngineeringGroup16B/src/main/java/com/group16b/DomainLayer/Event/IEventRepository.java
/Users/ofer/Documents/Homeworks/Semester F/Prog/SoftwareEngineeringGroup16B/src/main/java/com/group16b/DomainLayer/Interfaces/IRepository.java
/Users/ofer/Documents/Homeworks/Semester F/Prog/SoftwareEngineeringGroup16B/src/main/java/com/group16b/DomainLayer/Order/ActiveOrder.java
/Users/ofer/Documents/Homeworks/Semester F/Prog/SoftwareEngineeringGroup16B/src/main/java/com/group16b/DomainLayer/Order/CompletedOrder.java
/Users/ofer/Documents/Homeworks/Semester F/Prog/SoftwareEngineeringGroup16B/src/main/java/com/group16b/DomainLayer/Order/IOrderRepository.java
/Users/ofer/Documents/Homeworks/Semester F/Prog/SoftwareEngineeringGroup16B/src/main/java/com/group16b/DomainLayer/Order/Order.java
/Users/ofer/Documents/Homeworks/Semester F/Prog/SoftwareEngineeringGroup16B/src/main/java/com/group16b/DomainLayer/Order/OrderState.java
/Users/ofer/Documents/Homeworks/Semester F/Prog/SoftwareEngineeringGroup16B/src/main/java/com/group16b/DomainLayer/Order/OrderType.java
/Users/ofer/Documents/Homeworks/Semester F/Prog/SoftwareEngineeringGroup16B/src/main/java/com/group16b/DomainLayer/Policies/BuyXGetYDiscount.java
/Users/ofer/Documents/Homeworks/Semester F/Prog/SoftwareEngineeringGroup16B/src/main/java/com/group16b/DomainLayer/Policies/CouponCodeDiscount.java
/Users/ofer/Documents/Homeworks/Semester F/Prog/SoftwareEngineeringGroup16B/src/main/java/com/group16b/DomainLayer/Policies/DiscountPolicy.java
/Users/ofer/Documents/Homeworks/Semester F/Prog/SoftwareEngineeringGroup16B/src/main/java/com/group16b/DomainLayer/Policies/EarlyBirdDiscount.java
/Users/ofer/Documents/Homeworks/Semester F/Prog/SoftwareEngineeringGroup16B/src/main/java/com/group16b/DomainLayer/Policies/PurchasePolicy/AgePolicy.java
/Users/ofer/Documents/Homeworks/Semester F/Prog/SoftwareEngineeringGroup16B/src/main/java/com/group16b/DomainLayer/Policies/PurchasePolicy/AndPolicy.java
/Users/ofer/Documents/Homeworks/Semester F/Prog/SoftwareEngineeringGroup16B/src/main/java/com/group16b/DomainLayer/Policies/PurchasePolicy/DefaultPurchasePolicy.java
/Users/ofer/Documents/Homeworks/Semester F/Prog/SoftwareEngineeringGroup16B/src/main/java/com/group16b/DomainLayer/Policies/PurchasePolicy/LotteryPolicy.java
/Users/ofer/Documents/Homeworks/Semester F/Prog/SoftwareEngineeringGroup16B/src/main/java/com/group16b/DomainLayer/Policies/PurchasePolicy/MaxTicketsPolicy.java
/Users/ofer/Documents/Homeworks/Semester F/Prog/SoftwareEngineeringGroup16B/src/main/java/com/group16b/DomainLayer/Policies/PurchasePolicy/MinTicketsPolicy.java
/Users/ofer/Documents/Homeworks/Semester F/Prog/SoftwareEngineeringGroup16B/src/main/java/com/group16b/DomainLayer/Policies/PurchasePolicy/OrPolicy.java
/Users/ofer/Documents/Homeworks/Semester F/Prog/SoftwareEngineeringGroup16B/src/main/java/com/group16b/DomainLayer/Policies/PurchasePolicy/PurchasePolicy.java
/Users/ofer/Documents/Homeworks/Semester F/Prog/SoftwareEngineeringGroup16B/src/main/java/com/group16b/DomainLayer/ProductionCompany/IProductionCompanyRepository.java
/Users/ofer/Documents/Homeworks/Semester F/Prog/SoftwareEngineeringGroup16B/src/main/java/com/group16b/DomainLayer/ProductionCompany/ProductionCompany.java
/Users/ofer/Documents/Homeworks/Semester F/Prog/SoftwareEngineeringGroup16B/src/main/java/com/group16b/DomainLayer/ProductionCompany/membership/HierarchyNodeData.java
/Users/ofer/Documents/Homeworks/Semester F/Prog/SoftwareEngineeringGroup16B/src/main/java/com/group16b/DomainLayer/ProductionCompany/membership/ManagerPermissions.java
/Users/ofer/Documents/Homeworks/Semester F/Prog/SoftwareEngineeringGroup16B/src/main/java/com/group16b/DomainLayer/ProductionCompany/membership/MembershipNode.java
/Users/ofer/Documents/Homeworks/Semester F/Prog/SoftwareEngineeringGroup16B/src/main/java/com/group16b/DomainLayer/ProductionCompany/membership/RoleType.java
/Users/ofer/Documents/Homeworks/Semester F/Prog/SoftwareEngineeringGroup16B/src/main/java/com/group16b/DomainLayer/ProductionCompanyPolicy/ClosedCompany.java
/Users/ofer/Documents/Homeworks/Semester F/Prog/SoftwareEngineeringGroup16B/src/main/java/com/group16b/DomainLayer/ProductionCompanyPolicy/CompanyState.java
/Users/ofer/Documents/Homeworks/Semester F/Prog/SoftwareEngineeringGroup16B/src/main/java/com/group16b/DomainLayer/ProductionCompanyPolicy/IProductionCompanyPolicyRepository.java
/Users/ofer/Documents/Homeworks/Semester F/Prog/SoftwareEngineeringGroup16B/src/main/java/com/group16b/DomainLayer/ProductionCompanyPolicy/OpenCompany.java
/Users/ofer/Documents/Homeworks/Semester F/Prog/SoftwareEngineeringGroup16B/src/main/java/com/group16b/DomainLayer/ProductionCompanyPolicy/ProductionCompanyPolicy.java
/Users/ofer/Documents/Homeworks/Semester F/Prog/SoftwareEngineeringGroup16B/src/main/java/com/group16b/DomainLayer/SystemAdmin/ISystemAdminRepository.java
/Users/ofer/Documents/Homeworks/Semester F/Prog/SoftwareEngineeringGroup16B/src/main/java/com/group16b/DomainLayer/SystemAdmin/SystemAdmin.java
/Users/ofer/Documents/Homeworks/Semester F/Prog/SoftwareEngineeringGroup16B/src/main/java/com/group16b/DomainLayer/User/SessionToken.java
/Users/ofer/Documents/Homeworks/Semester F/Prog/SoftwareEngineeringGroup16B/src/main/java/com/group16b/DomainLayer/User/User.java
/Users/ofer/Documents/Homeworks/Semester F/Prog/SoftwareEngineeringGroup16B/src/main/java/com/group16b/DomainLayer/Venue/ChosenSeatingSeg.java
/Users/ofer/Documents/Homeworks/Semester F/Prog/SoftwareEngineeringGroup16B/src/main/java/com/group16b/DomainLayer/Venue/EventSchedule.java
/Users/ofer/Documents/Homeworks/Semester F/Prog/SoftwareEngineeringGroup16B/src/main/java/com/group16b/DomainLayer/Venue/FieldSeg.java
/Users/ofer/Documents/Homeworks/Semester F/Prog/SoftwareEngineeringGroup16B/src/main/java/com/group16b/DomainLayer/Venue/IVenueRepository.java
/Users/ofer/Documents/Homeworks/Semester F/Prog/SoftwareEngineeringGroup16B/src/main/java/com/group16b/DomainLayer/Venue/Location.java
/Users/ofer/Documents/Homeworks/Semester F/Prog/SoftwareEngineeringGroup16B/src/main/java/com/group16b/DomainLayer/Venue/ReservationRequest.java
/Users/ofer/Documents/Homeworks/Semester F/Prog/SoftwareEngineeringGroup16B/src/main/java/com/group16b/DomainLayer/Venue/Seat.java
/Users/ofer/Documents/Homeworks/Semester F/Prog/SoftwareEngineeringGroup16B/src/main/java/com/group16b/DomainLayer/Venue/Segment.java
/Users/ofer/Documents/Homeworks/Semester F/Prog/SoftwareEngineeringGroup16B/src/main/java/com/group16b/DomainLayer/Venue/Venue.java
/Users/ofer/Documents/Homeworks/Semester F/Prog/SoftwareEngineeringGroup16B/src/main/java/com/group16b/DomainLayer/VirtualQueue/VirtualQueue.java
/Users/ofer/Documents/Homeworks/Semester F/Prog/SoftwareEngineeringGroup16B/src/main/java/com/group16b/InfrastructureLayer/AuthenticationServiceJWTImpl.java
/Users/ofer/Documents/Homeworks/Semester F/Prog/SoftwareEngineeringGroup16B/src/main/java/com/group16b/InfrastructureLayer/LocationServicePhotonImpl.java
/Users/ofer/Documents/Homeworks/Semester F/Prog/SoftwareEngineeringGroup16B/src/main/java/com/group16b/InfrastructureLayer/MapDBs/EventRepositoryMapImpl.java
/Users/ofer/Documents/Homeworks/Semester F/Prog/SoftwareEngineeringGroup16B/src/main/java/com/group16b/InfrastructureLayer/MapDBs/OrderRepositoryMapImpl.java
/Users/ofer/Documents/Homeworks/Semester F/Prog/SoftwareEngineeringGroup16B/src/main/java/com/group16b/InfrastructureLayer/MapDBs/ProductionCompanyRepositoryMapImpl.java
/Users/ofer/Documents/Homeworks/Semester F/Prog/SoftwareEngineeringGroup16B/src/main/java/com/group16b/InfrastructureLayer/MapDBs/SystemAdminRepositoryMapImpl.java
/Users/ofer/Documents/Homeworks/Semester F/Prog/SoftwareEngineeringGroup16B/src/main/java/com/group16b/InfrastructureLayer/MapDBs/UserRepositoryMapImpl.java
/Users/ofer/Documents/Homeworks/Semester F/Prog/SoftwareEngineeringGroup16B/src/main/java/com/group16b/InfrastructureLayer/MapDBs/VenueRepositoryMapImpl.java
/Users/ofer/Documents/Homeworks/Semester F/Prog/SoftwareEngineeringGroup16B/src/main/java/com/group16b/InfrastructureLayer/MapDBs/VirtualQueueRepositoryMapImpl.java
/Users/ofer/Documents/Homeworks/Semester F/Prog/SoftwareEngineeringGroup16B/src/main/java/com/group16b/InfrastructureLayer/PaymentService.java
/Users/ofer/Documents/Homeworks/Semester F/Prog/SoftwareEngineeringGroup16B/src/main/java/com/group16b/InfrastructureLayer/TicketGateway.java
