com/group16b/infrastructureLayer/MapDBs/EventRepositoryMapImplTests.class
com/group16b/DomainLayer/ProductionCompany/ProductionCompanyTests.class
com/group16b/DomainLayer/Order/OrderTests.class
com/group16b/DomainLayer/Event/EventStockEditTests.class
com/group16b/ApplicationLayer/ReservationServiceTests$1.class
com/group16b/ApplicationLayer/CompanyHierarchyServiceTests.class
com/group16b/DomainLayer/User/UserTests.class
com/group16b/infrastructureLayer/MapDBs/VirtualQueueRepositoryMapImplTests.class
com/group16b/ApplicationLayer/OrderServiceTests.class
com/group16b/ApplicationLayer/ReservationServiceTests.class
com/group16b/DomainLayer/SystemAdmin/SystemAdminTests.class
com/group16b/ApplicationLayer/VenueEventConfigServiceTests.class
com/group16b/ApplicationLayer/OrderServiceTests$2.class
com/group16b/ApplicationLayer/EventServiceTests.class
com/group16b/infrastructureLayer/MapDBs/ProductionCompanyRepositoryTests.class
com/group16b/infrastructureLayer/AuthinticationServiceJWTImplTests.class
com/group16b/DomainLayer/Venue/FieldSegTest.class
com/group16b/DomainLayer/Order/ActiveOrderTests.class
com/group16b/DomainLayer/Venue/ChosenSeatingSegTest.class
com/group16b/DomainLayer/Order/CompletedOrderTests.class
com/group16b/infrastructureLayer/MapDBs/OrderRepositoryMapImplTests.class
com/group16b/infrastructureLayer/LocationServicePhotonImplTests.class
com/group16b/ApplicationLayer/AdminManagementServiceTest1.class
com/group16b/ApplicationLayer/OrderServiceTests$1.class
com/group16b/ApplicationLayer/ProductionCompanyServiceTests.class
com/group16b/DomainLayer/Policies/PurchasePolicy/LotteryPolicyTests.class
com/group16b/DomainLayer/Event/EventTests.class
com/group16b/DomainLayer/DomainServices/EventFilteringServiceTests.class
com/group16b/ApplicationLayer/ReservationServiceTests$2.class
com/group16b/infrastructureLayer/SystemAdminLoginServiceTests.class
com/group16b/infrastructureLayer/MapDBs/SystemAdminRepositoryMapImplTests.class
com/group16b/ApplicationLayer/UserLoginServiceTests.class
