/Users/ofer/Documents/Homeworks/Semester F/Prog/SoftwareEngineeringGroup16B/src/test/java/com/group16b/ApplicationLayer/AdminManagementServiceTest1.java
/Users/ofer/Documents/Homeworks/Semester F/Prog/SoftwareEngineeringGroup16B/src/test/java/com/group16b/ApplicationLayer/CompanyHierarchyServiceTests.java
/Users/ofer/Documents/Homeworks/Semester F/Prog/SoftwareEngineeringGroup16B/src/test/java/com/group16b/ApplicationLayer/EventServiceTests.java
/Users/ofer/Documents/Homeworks/Semester F/Prog/SoftwareEngineeringGroup16B/src/test/java/com/group16b/ApplicationLayer/OrderServiceTests.java
/Users/ofer/Documents/Homeworks/Semester F/Prog/SoftwareEngineeringGroup16B/src/test/java/com/group16b/ApplicationLayer/ProductionCompanyServiceTests.java
/Users/ofer/Documents/Homeworks/Semester F/Prog/SoftwareEngineeringGroup16B/src/test/java/com/group16b/ApplicationLayer/ReservationServiceTests.java
/Users/ofer/Documents/Homeworks/Semester F/Prog/SoftwareEngineeringGroup16B/src/test/java/com/group16b/ApplicationLayer/UserLoginServiceTests.java
/Users/ofer/Documents/Homeworks/Semester F/Prog/SoftwareEngineeringGroup16B/src/test/java/com/group16b/ApplicationLayer/VenueEventConfigServiceTests.java
/Users/ofer/Documents/Homeworks/Semester F/Prog/SoftwareEngineeringGroup16B/src/test/java/com/group16b/DomainLayer/DomainServices/EventFilteringServiceTests.java
/Users/ofer/Documents/Homeworks/Semester F/Prog/SoftwareEngineeringGroup16B/src/test/java/com/group16b/DomainLayer/Event/EventStockEditTests.java
/Users/ofer/Documents/Homeworks/Semester F/Prog/SoftwareEngineeringGroup16B/src/test/java/com/group16b/DomainLayer/Event/EventTests.java
/Users/ofer/Documents/Homeworks/Semester F/Prog/SoftwareEngineeringGroup16B/src/test/java/com/group16b/DomainLayer/Order/ActiveOrderTests.java
/Users/ofer/Documents/Homeworks/Semester F/Prog/SoftwareEngineeringGroup16B/src/test/java/com/group16b/DomainLayer/Order/CompletedOrderTests.java
/Users/ofer/Documents/Homeworks/Semester F/Prog/SoftwareEngineeringGroup16B/src/test/java/com/group16b/DomainLayer/Order/OrderTests.java
/Users/ofer/Documents/Homeworks/Semester F/Prog/SoftwareEngineeringGroup16B/src/test/java/com/group16b/DomainLayer/Policies/PurchasePolicy/LotteryPolicyTests.java
/Users/ofer/Documents/Homeworks/Semester F/Prog/SoftwareEngineeringGroup16B/src/test/java/com/group16b/DomainLayer/ProductionCompany/ProductionCompanyTests.java
/Users/ofer/Documents/Homeworks/Semester F/Prog/SoftwareEngineeringGroup16B/src/test/java/com/group16b/DomainLayer/SystemAdmin/SystemAdminTests.java
/Users/ofer/Documents/Homeworks/Semester F/Prog/SoftwareEngineeringGroup16B/src/test/java/com/group16b/DomainLayer/User/UserTests.java
/Users/ofer/Documents/Homeworks/Semester F/Prog/SoftwareEngineeringGroup16B/src/test/java/com/group16b/DomainLayer/Venue/ChosenSeatingSegTest.java
/Users/ofer/Documents/Homeworks/Semester F/Prog/SoftwareEngineeringGroup16B/src/test/java/com/group16b/DomainLayer/Venue/FieldSegTest.java
/Users/ofer/Documents/Homeworks/Semester F/Prog/SoftwareEngineeringGroup16B/src/test/java/com/group16b/infrastructureLayer/AuthinticationServiceJWTImplTests.java
/Users/ofer/Documents/Homeworks/Semester F/Prog/SoftwareEngineeringGroup16B/src/test/java/com/group16b/infrastructureLayer/LocationServicePhotonImplTests.java
/Users/ofer/Documents/Homeworks/Semester F/Prog/SoftwareEngineeringGroup16B/src/test/java/com/group16b/infrastructureLayer/MapDBs/EventRepositoryMapImplTests.java
/Users/ofer/Documents/Homeworks/Semester F/Prog/SoftwareEngineeringGroup16B/src/test/java/com/group16b/infrastructureLayer/MapDBs/OrderRepositoryMapImplTests.java
/Users/ofer/Documents/Homeworks/Semester F/Prog/SoftwareEngineeringGroup16B/src/test/java/com/group16b/infrastructureLayer/MapDBs/ProductionCompanyRepositoryTests.java
/Users/ofer/Documents/Homeworks/Semester F/Prog/SoftwareEngineeringGroup16B/src/test/java/com/group16b/infrastructureLayer/MapDBs/SystemAdminRepositoryMapImplTests.java
/Users/ofer/Documents/Homeworks/Semester F/Prog/SoftwareEngineeringGroup16B/src/test/java/com/group16b/infrastructureLayer/MapDBs/VirtualQueueRepositoryMapImplTests.java
/Users/ofer/Documents/Homeworks/Semester F/Prog/SoftwareEngineeringGroup16B/src/test/java/com/group16b/infrastructureLayer/SystemAdminLoginServiceTests.java
